15:41:50 **** Incremental Build of configuration Debug for project wdaUartTest ****
make all 
'Building file: ../Src/main.c'
'Invoking: MCU GCC Compiler'
C:\Users\r0631\Documents\documenten elektronica-ict\fase2 sem2\labview\project\wdaUartTest\wdaUartTest\Debug
arm-none-eabi-gcc -mcpu=cortex-m7 -mthumb -mfloat-abi=hard -mfpu=fpv5-sp-d16 -D__weak=__attribute__((weak)) -D__packed=__attribute__((__packed__)) -DUSE_HAL_DRIVER -DSTM32F746xx -I"C:/Users/r0631/Documents/documenten elektronica-ict/fase2 sem2/labview/project/wdaUartTest/wdaUartTest/Inc" -I"C:/Users/r0631/Documents/documenten elektronica-ict/fase2 sem2/labview/project/wdaUartTest/wdaUartTest/Drivers/STM32F7xx_HAL_Driver/Inc" -I"C:/Users/r0631/Documents/documenten elektronica-ict/fase2 sem2/labview/project/wdaUartTest/wdaUartTest/Drivers/STM32F7xx_HAL_Driver/Inc/Legacy" -I"C:/Users/r0631/Documents/documenten elektronica-ict/fase2 sem2/labview/project/wdaUartTest/wdaUartTest/Drivers/CMSIS/Device/ST/STM32F7xx/Include" -I"C:/Users/r0631/Documents/documenten elektronica-ict/fase2 sem2/labview/project/wdaUartTest/wdaUartTest/Drivers/CMSIS/Include" -I"C:/Users/r0631/Documents/documenten elektronica-ict/fase2 sem2/labview/project/wdaUartTest/wdaUartTest/Inc"  -Os -g3 -Wall -fmessage-length=0 -ffunction-sections -c -fmessage-length=0 -MMD -MP -MF"Src/main.d" -MT"Src/main.o" -o "Src/main.o" "../Src/main.c"
../Src/main.c: In function 'main':
../Src/main.c:272:35: warning: variable 'wdatest' set but not used [-Wunused-but-set-variable]
    volatile HAL_UART_StateTypeDef wdatest;
                                   ^
'Finished building: ../Src/main.c'
' '
'Building target: wdaUartTest.elf'
'Invoking: MCU GCC Linker'
arm-none-eabi-gcc -mcpu=cortex-m7 -mthumb -mfloat-abi=hard -mfpu=fpv5-sp-d16 -specs=nosys.specs -specs=nano.specs -T"../STM32F746NGHx_FLASH.ld" -Wl,-Map=output.map -Wl,--gc-sections -lm -o "wdaUartTest.elf" @"objects.list"  
'Finished building target: wdaUartTest.elf'
' '
make --no-print-directory post-build
'Generating binary and Printing size information:'
arm-none-eabi-objcopy -O binary "wdaUartTest.elf" "wdaUartTest.bin"
arm-none-eabi-size "wdaUartTest.elf"
   text	   data	    bss	    dec	    hex	filename
   8124	     16	   2032	  10172	   27bc	wdaUartTest.elf
' '

15:41:52 Build Finished (took 2s.28ms)

